2026-04-09 02:50:24.510  4222-4241  EGL_emulation           de.rwth_aachen.phyphox               D  app_time_stats: avg=19.71ms min=5.47ms max=80.86ms count=47
2026-04-09 02:50:24.628  4222-4222  RecyclerView            de.rwth_aachen.phyphox               W  No adapter attached; skipping layout
2026-04-09 02:50:24.787  4222-4241  OpenGLRenderer          de.rwth_aachen.phyphox               D  endAllActiveAnimators on 0x7b736ed53a60 (RippleDrawable) with handle 0x7b739ece5da0
2026-04-09 02:50:24.803  4222-4241  OpenGLRenderer          de.rwth_aachen.phyphox               E  Unable to match the desired swap behavior.
2026-04-09 02:50:25.326  4222-4241  EGL_emulation           de.rwth_aachen.phyphox               D  app_time_stats: avg=16.56ms min=1.18ms max=437.34ms count=35
2026-04-09 02:50:26.199  4222-4222  AutofillManager         de.rwth_aachen.phyphox               D  Fill dialog is enabled:false, hints=[]
2026-04-09 02:50:26.200  4222-4222  WindowOnBackDispatcher  de.rwth_aachen.phyphox               W  sendCancelIfRunning: isInProgress=falsecallback=android.widget.PopupWindow$PopupDecorView$$ExternalSyntheticLambda0@3f188f5
2026-04-09 02:50:26.329  4222-4241  EGL_emulation           de.rwth_aachen.phyphox               D  app_time_stats: avg=3.02ms min=1.29ms max=24.40ms count=60
2026-04-09 02:50:26.609  4222-4241  OpenGLRenderer          de.rwth_aachen.phyphox               E  Unable to match the desired swap behavior.
2026-04-09 02:50:27.331  4222-4241  EGL_emulation           de.rwth_aachen.phyphox               D  app_time_stats: avg=17.71ms min=1.95ms max=76.41ms count=49
2026-04-09 02:50:27.359  4222-4222  WindowOnBackDispatcher  de.rwth_aachen.phyphox               W  sendCancelIfRunning: isInProgress=falsecallback=androidx.activity.OnBackPressedDispatcher$Api34Impl$createOnBackAnimationCallback$1@58c7575
2026-04-09 02:50:27.376  4222-4290  Surface                 de.rwth_aachen.phyphox               E  freeAllBuffers: 1 buffers were freed while being dequeued!
2026-04-09 02:50:27.377  4222-4289  Surface                 de.rwth_aachen.phyphox               E  freeAllBuffers: 1 buffers were freed while being dequeued!
2026-04-09 02:50:27.378  4222-4288  Surface                 de.rwth_aachen.phyphox               E  freeAllBuffers: 1 buffers were freed while being dequeued!
2026-04-09 02:50:27.379  4222-4288  Surface                 de.rwth_aachen.phyphox               E  getSlotFromBufferLocked: unknown buffer: 0x0
2026-04-09 02:50:27.379  4222-4289  Surface                 de.rwth_aachen.phyphox               E  getSlotFromBufferLocked: unknown buffer: 0x0
2026-04-09 02:50:27.380  4222-4290  Surface                 de.rwth_aachen.phyphox               E  getSlotFromBufferLocked: unknown buffer: 0x0
2026-04-09 02:50:27.383  4222-4291  Surface                 de.rwth_aachen.phyphox               E  freeAllBuffers: 1 buffers were freed while being dequeued!
2026-04-09 02:50:27.383  4222-4291  Surface                 de.rwth_aachen.phyphox               E  getSlotFromBufferLocked: unknown buffer: 0x0
2026-04-09 02:50:27.400  4222-4222  WindowOnBackDispatcher  de.rwth_aachen.phyphox               W  sendCancelIfRunning: isInProgress=falsecallback=android.app.Activity$$ExternalSyntheticLambda0@44164ac
2026-04-09 02:50:28.169  4222-4241  EGL_emulation           de.rwth_aachen.phyphox               D  app_time_stats: avg=130.64ms min=6.95ms max=1194.57ms count=11
2026-04-09 02:50:29.179  4222-4241  EGL_emulation           de.rwth_aachen.phyphox               D  app_time_stats: avg=23.99ms min=7.82ms max=316.67ms count=42
2026-04-09 02:50:33.273  4222-4222  VRI[Experi...tActivity] de.rwth_aachen.phyphox               D  Skip onBackInvoked(), reason: keyEvent.isCanceled=true
2026-04-09 02:50:33.372  4222-4241  EGL_emulation           de.rwth_aachen.phyphox               D  app_time_stats: avg=151.82ms min=3.16ms max=3757.44ms count=26
2026-04-09 02:50:34.154  4222-4222  WindowOnBackDispatcher  de.rwth_aachen.phyphox               W  sendCancelIfRunning: isInProgress=falsecallback=android.app.Activity$$ExternalSyntheticLambda0@da3a396
---------------------------- PROCESS ENDED (4222) for package de.rwth_aachen.phyphox ----------------------------
---------------------------- PROCESS STARTED (4335) for package de.rwth_aachen.phyphox ----------------------------
2026-04-09 02:50:51.689  4335-4335  nativeloader            de.rwth_aachen.phyphox               D  Configuring clns-7 for other apk /data/app/~~hB2AxNd12MO5aQ-kjelnvg==/de.rwth_aachen.phyphox-j51-OFTwLGzWfzTMk3C4Yw==/base.apk. target_sdk_version=35, uses_libraries=, library_path=/data/app/~~hB2AxNd12MO5aQ-kjelnvg==/de.rwth_aachen.phyphox-j51-OFTwLGzWfzTMk3C4Yw==/lib/x86_64:/data/app/~~hB2AxNd12MO5aQ-kjelnvg==/de.rwth_aachen.phyphox-j51-OFTwLGzWfzTMk3C4Yw==/base.apk!/lib/x86_64, permitted_path=/data:/mnt/expand:/data/user/0/de.rwth_aachen.phyphox
2026-04-09 02:50:51.706  4335-4335  GraphicsEnvironment     de.rwth_aachen.phyphox               V  Currently set values for:
2026-04-09 02:50:51.707  4335-4335  GraphicsEnvironment     de.rwth_aachen.phyphox               V    angle_gl_driver_selection_pkgs=[]
2026-04-09 02:50:51.707  4335-4335  GraphicsEnvironment     de.rwth_aachen.phyphox               V    angle_gl_driver_selection_values=[]
2026-04-09 02:50:51.708  4335-4335  GraphicsEnvironment     de.rwth_aachen.phyphox               V  ANGLE GameManagerService for de.rwth_aachen.phyphox: false
2026-04-09 02:50:51.709  4335-4335  GraphicsEnvironment     de.rwth_aachen.phyphox               V  de.rwth_aachen.phyphox is not listed in per-application setting
2026-04-09 02:50:51.709  4335-4335  GraphicsEnvironment     de.rwth_aachen.phyphox               V  Neither updatable production driver nor prerelease driver is supported.
2026-04-09 02:50:51.717  4335-4335  MultiDex                de.rwth_aachen.phyphox               I  VM with version 2.1.0 has multidex support
2026-04-09 02:50:51.717  4335-4335  MultiDex                de.rwth_aachen.phyphox               I  Installing application
2026-04-09 02:50:51.717  4335-4335  MultiDex                de.rwth_aachen.phyphox               I  VM has multidex support, MultiDex support library is disabled.
2026-04-09 02:50:51.754  4335-4335  WM-WrkMgrInitializer    de.rwth_aachen.phyphox               D  Initializing WorkManager with default configuration.
2026-04-09 02:50:51.957  4335-4335  WM-PackageManagerHelper de.rwth_aachen.phyphox               D  Skipping component enablement for androidx.work.impl.background.systemjob.SystemJobService
2026-04-09 02:50:51.957  4335-4335  WM-Schedulers           de.rwth_aachen.phyphox               D  Created SystemJobScheduler and enabled SystemJobService
2026-04-09 02:50:52.042  4335-4355  WM-ForceStopRunnable    de.rwth_aachen.phyphox               D  The default process name was not specified.
2026-04-09 02:50:52.043  4335-4355  WM-ForceStopRunnable    de.rwth_aachen.phyphox               D  Performing cleanup operations.
2026-04-09 02:50:52.097  4335-4358  libEGL                  de.rwth_aachen.phyphox               D  loaded /vendor/lib64/egl/libEGL_emulation.so
2026-04-09 02:50:52.100  4335-4358  libEGL                  de.rwth_aachen.phyphox               D  loaded /vendor/lib64/egl/libGLESv1_CM_emulation.so
2026-04-09 02:50:52.101  4335-4355  Compatibil...geReporter de.rwth_aachen.phyphox               D  Compat change id reported: 160794467; UID 10142; state: ENABLED
2026-04-09 02:50:52.103  4335-4358  libEGL                  de.rwth_aachen.phyphox               D  loaded /vendor/lib64/egl/libGLESv2_emulation.so
2026-04-09 02:50:52.106  4335-4355  WM-ForceStopRunnable    de.rwth_aachen.phyphox               D  Application was force-stopped, rescheduling.
2026-04-09 02:50:52.158  4335-4360  WM-PackageManagerHelper de.rwth_aachen.phyphox               D  Skipping component enablement for androidx.work.impl.background.systemalarm.RescheduleReceiver
2026-04-09 02:50:52.265  4335-4335  _aachen.phyphox         de.rwth_aachen.phyphox               W  Accessing hidden method Landroid/view/ViewGroup;->makeOptionalFitsSystemWindows()V (unsupported, reflection, allowed)
2026-04-09 02:50:52.279  4335-4335  Compatibil...geReporter de.rwth_aachen.phyphox               D  Compat change id reported: 171228096; UID 10142; state: ENABLED
2026-04-09 02:50:52.327  4335-4335  Compatibil...geReporter de.rwth_aachen.phyphox               D  Compat change id reported: 210923482; UID 10142; state: ENABLED
2026-04-09 02:50:52.520  4335-4335  Compatibil...geReporter de.rwth_aachen.phyphox               D  Compat change id reported: 237531167; UID 10142; state: DISABLED
2026-04-09 02:50:52.522  4335-4335  OpenGLRenderer          de.rwth_aachen.phyphox               W  Unknown dataspace 0
2026-04-09 02:50:52.607  4335-4356  OpenGLRenderer          de.rwth_aachen.phyphox               W  Failed to choose config with EGL_SWAP_BEHAVIOR_PRESERVED, retrying without...
2026-04-09 02:50:52.607  4335-4356  OpenGLRenderer          de.rwth_aachen.phyphox               W  Failed to initialize 101010-2 format, error = EGL_SUCCESS
2026-04-09 02:50:52.672  4335-4356  Gralloc4                de.rwth_aachen.phyphox               I  mapper 4.x is not supported
2026-04-09 02:50:52.695  4335-4356  OpenGLRenderer          de.rwth_aachen.phyphox               E  Unable to match the desired swap behavior.
2026-04-09 02:50:52.783  4335-4356  OpenGLRenderer          de.rwth_aachen.phyphox               E  Unable to match the desired swap behavior.
2026-04-09 02:50:54.142  4335-4356  EGL_emulation           de.rwth_aachen.phyphox               D  app_time_stats: avg=135.77ms min=1.24ms max=1198.13ms count=10
2026-04-09 02:50:58.156  4335-4371  ProfileInstaller        de.rwth_aachen.phyphox               D  Installing profile for de.rwth_aachen.phyphox
2026-04-09 02:51:08.649  4335-4335  WindowOnBackDispatcher  de.rwth_aachen.phyphox               W  sendCancelIfRunning: isInProgress=falsecallback=android.widget.PopupWindow$PopupDecorView$$ExternalSyntheticLambda0@5d5021b
